[3key.com/index.html]
[3key.com/images/favicon/fav.png]
[backblue.gif]
[fade.gif]
[index.html]
[3key.com/images/logo-horizontal.svg]
[3key.com/styles.css]
[3key.com/images/logo-colrful-02.png]
[3key.com/index-2.html]
[3key.com/index-tch.html]
[3key.com/index-jp.html]
[3key.com/index-in.html]
[3key.com/index-vn.html]
[3key.com/index-de.html]
[3key.com/index-th.html]
[3key.com/images/orbs-3.gif]
[3key.com/images/orbs-2.gif]
[3key.com/images/orbs-1.gif]
[3key.com/images/lyra1.png]
[3key.com/images/portfolio-allocation1.png]
[3key.com/images/portfolio-allocation2.png]
[3key.com/images/portfolio-allocation3.png]
[3key.com/images/portfolio-allocation4.png]
[3key.com/images/portfolio-allocation5.png]
[3key.com/images/approach.png]
[3key.com/images/diamond.png]
[ajax.googleapis.com/ajax/libs/jquery/3.5.1/jquery.min.js]
[cdnjs.cloudflare.com/ajax/libs/gsap/3.7.1/gsap.min.js]
[cdnjs.cloudflare.com/ajax/libs/gsap/3.7.1/ScrollTrigger.min.js]
[cdn.jsdelivr.net/npm/animejs@3.0.1/lib/anime.min.js]
[3key.com/index.html]
[3key.com/images/logo-horizontal.html]
[3key.com/script.js]
[3key.com/fonts/postermana_bold.ttf]
[3key.com/images/bg-dark.png]
[3key.com/images/bg-colorful.png]
[3key.com/styles.css]
[3key.com/index-2.html]
[3key.com/index-tch.html]
[3key.com/index-jp.html]
[3key.com/index-vn.html]
[3key.com/index-in.html]
[3key.com/index-de.html]
[3key.com/index-th.html]
